Module substitution

This test substitutes one module for another. We substitute
SubTargets in place of SubstituteMe, so the result expected is that
the equations for t, u and v point to SubTargets rather than SubstituteMe

BEFORE
======
SS/18 : sig
type tt/25 = SubstituteMe/16.t
type uu/26 = SubstituteMe/16.u
type vv/27 = SubstituteMe/16.v
end

AFTER 
======
SS/18 : sig
type tt/28 = SubTargets/17.t
type uu/29 = SubTargets/17.u
type vv/30 = SubTargets/17.v
end

