Module substitution

This test substitutes one module for another. We substitute
SubTargets in place of SubstituteMe, so the result expected is that
the equations for t, u and v point to SubTargets rather than SubstituteMe

BEFORE
======
S: sig
type tt/39 = SubstituteMe/36.t
type uu/40 = SubstituteMe/36.u
type vv/41 = SubstituteMe/36.v
end

AFTER 
======
S: sig
type tt/42 = SubTargets/37.t
type uu/43 = SubTargets/37.u
type vv/44 = SubTargets/37.v
end

