Module substitution

This test substitutes one module for another. We substitute
SubTargets in place of SubstituteMe, so the result expected is that
the equations for t, u and v point to SubTargets rather than SubstituteMe

BEFORE
======
S: sig
type tt/27 = SubstituteMe/24.t
type uu/28 = SubstituteMe/24.u
type vv/29 = SubstituteMe/24.v
end

AFTER 
======
S: sig
type tt/30 = SubTargets/25.t
type uu/31 = SubTargets/25.u
type vv/32 = SubTargets/25.v
end

